INFO:     Will watch for changes in these directories: ['D:\\lunar-me\\nz-solar-model']
INFO:     Uvicorn running on http://127.0.0.1:8000 (Press CTRL+C to quit)
INFO:     Started reloader process [67104] using WatchFiles
INFO:     Started server process [56512]
INFO:     Waiting for application startup.
INFO:     Application startup complete.
WARNING:  WatchFiles detected changes in '_live.py'. Reloading...
INFO:     Shutting down
INFO:     Waiting for application shutdown.
INFO:     Application shutdown complete.
INFO:     Finished server process [56512]
INFO:     Started server process [11344]
INFO:     Waiting for application startup.
INFO:     Application startup complete.
D:\lunar-me\nz-solar-model\api\index.py:483: UserWarning: Converting to PeriodArray/Index representation will drop timezone information.
  local = df.index.tz_convert("Pacific/Auckland").to_period("M")
WARNING:  WatchFiles detected changes in '_live.py'. Reloading...
INFO:     Shutting down
INFO:     Waiting for connections to close. (CTRL+C to force quit)
INFO:     Waiting for application shutdown.
INFO:     Application shutdown complete.
INFO:     Finished server process [11344]
INFO:     Started server process [67068]
INFO:     Waiting for application startup.
INFO:     Application startup complete.
D:\lunar-me\nz-solar-model\api\index.py:645: UserWarning: Converting to PeriodArray/Index representation will drop timezone information.
  local = df.index.tz_convert("Pacific/Auckland").to_period("M")
D:\lunar-me\nz-solar-model\api\index.py:645: UserWarning: Converting to PeriodArray/Index representation will drop timezone information.
  local = df.index.tz_convert("Pacific/Auckland").to_period("M")
D:\lunar-me\nz-solar-model\api\index.py:483: UserWarning: Converting to PeriodArray/Index representation will drop timezone information.
  local = df.index.tz_convert("Pacific/Auckland").to_period("M")
D:\lunar-me\nz-solar-model\api\index.py:483: UserWarning: Converting to PeriodArray/Index representation will drop timezone information.
  local = df.index.tz_convert("Pacific/Auckland").to_period("M")
D:\lunar-me\nz-solar-model\api\index.py:483: UserWarning: Converting to PeriodArray/Index representation will drop timezone information.
  local = df.index.tz_convert("Pacific/Auckland").to_period("M")
D:\lunar-me\nz-solar-model\api\index.py:483: UserWarning: Converting to PeriodArray/Index representation will drop timezone information.
  local = df.index.tz_convert("Pacific/Auckland").to_period("M")
D:\lunar-me\nz-solar-model\api\index.py:483: UserWarning: Converting to PeriodArray/Index representation will drop timezone information.
  local = df.index.tz_convert("Pacific/Auckland").to_period("M")
WARNING:  WatchFiles detected changes in 'api\index.py'. Reloading...
INFO:     Shutting down
INFO:     Waiting for application shutdown.
INFO:     Application shutdown complete.
INFO:     Finished server process [67068]
INFO:     Started server process [73180]
INFO:     Waiting for application startup.
INFO:     Application startup complete.
WARNING:  WatchFiles detected changes in 'api\schemas.py'. Reloading...
INFO:     Shutting down
INFO:     Waiting for connections to close. (CTRL+C to force quit)
D:\lunar-me\nz-solar-model\api\index.py:483: UserWarning: Converting to PeriodArray/Index representation will drop timezone information.
  local = df.index.tz_convert("Pacific/Auckland").to_period("M")
INFO:     Waiting for application shutdown.
INFO:     Application shutdown complete.
INFO:     Finished server process [73180]
INFO:     Started server process [47692]
INFO:     Waiting for application startup.
INFO:     Application startup complete.
D:\lunar-me\nz-solar-model\api\index.py:645: UserWarning: Converting to PeriodArray/Index representation will drop timezone information.
  local = df.index.tz_convert("Pacific/Auckland").to_period("M")
D:\lunar-me\nz-solar-model\api\index.py:645: UserWarning: Converting to PeriodArray/Index representation will drop timezone information.
  local = df.index.tz_convert("Pacific/Auckland").to_period("M")
D:\lunar-me\nz-solar-model\api\index.py:483: UserWarning: Converting to PeriodArray/Index representation will drop timezone information.
  local = df.index.tz_convert("Pacific/Auckland").to_period("M")
D:\lunar-me\nz-solar-model\api\index.py:483: UserWarning: Converting to PeriodArray/Index representation will drop timezone information.
  local = df.index.tz_convert("Pacific/Auckland").to_period("M")
D:\lunar-me\nz-solar-model\api\index.py:645: UserWarning: Converting to PeriodArray/Index representation will drop timezone information.
  local = df.index.tz_convert("Pacific/Auckland").to_period("M")
D:\lunar-me\nz-solar-model\api\index.py:483: UserWarning: Converting to PeriodArray/Index representation will drop timezone information.
  local = df.index.tz_convert("Pacific/Auckland").to_period("M")
D:\lunar-me\nz-solar-model\api\index.py:483: UserWarning: Converting to PeriodArray/Index representation will drop timezone information.
  local = df.index.tz_convert("Pacific/Auckland").to_period("M")
D:\lunar-me\nz-solar-model\api\index.py:483: UserWarning: Converting to PeriodArray/Index representation will drop timezone information.
  local = df.index.tz_convert("Pacific/Auckland").to_period("M")
D:\lunar-me\nz-solar-model\api\index.py:483: UserWarning: Converting to PeriodArray/Index representation will drop timezone information.
  local = df.index.tz_convert("Pacific/Auckland").to_period("M")
D:\lunar-me\nz-solar-model\api\index.py:483: UserWarning: Converting to PeriodArray/Index representation will drop timezone information.
  local = df.index.tz_convert("Pacific/Auckland").to_period("M")
D:\lunar-me\nz-solar-model\api\index.py:483: UserWarning: Converting to PeriodArray/Index representation will drop timezone information.
  local = df.index.tz_convert("Pacific/Auckland").to_period("M")
D:\lunar-me\nz-solar-model\api\index.py:483: UserWarning: Converting to PeriodArray/Index representation will drop timezone information.
  local = df.index.tz_convert("Pacific/Auckland").to_period("M")
D:\lunar-me\nz-solar-model\api\index.py:483: UserWarning: Converting to PeriodArray/Index representation will drop timezone information.
  local = df.index.tz_convert("Pacific/Auckland").to_period("M")
D:\lunar-me\nz-solar-model\api\index.py:483: UserWarning: Converting to PeriodArray/Index representation will drop timezone information.
  local = df.index.tz_convert("Pacific/Auckland").to_period("M")
D:\lunar-me\nz-solar-model\api\index.py:483: UserWarning: Converting to PeriodArray/Index representation will drop timezone information.
  local = df.index.tz_convert("Pacific/Auckland").to_period("M")
WARNING:  WatchFiles detected changes in '_test_akl.py'. Reloading...
INFO:     Shutting down
INFO:     Waiting for connections to close. (CTRL+C to force quit)
INFO:     Waiting for application shutdown.
INFO:     Application shutdown complete.
INFO:     Finished server process [47692]
INFO:     Started server process [65608]
INFO:     Waiting for application startup.
INFO:     Application startup complete.
WARNING:  WatchFiles detected changes in '_test_akl.py'. Reloading...
INFO:     Shutting down
INFO:     Waiting for connections to close. (CTRL+C to force quit)
D:\lunar-me\nz-solar-model\api\index.py:483: UserWarning: Converting to PeriodArray/Index representation will drop timezone information.
  local = df.index.tz_convert("Pacific/Auckland").to_period("M")
INFO:     Waiting for application shutdown.
INFO:     Application shutdown complete.
INFO:     Finished server process [65608]
WARNING:  WatchFiles detected changes in '_live.py'. Reloading...
INFO:     Started server process [50976]
INFO:     Waiting for application startup.
INFO:     Application startup complete.
ERROR:    Traceback (most recent call last):
  File "C:\Python\Lib\asyncio\runners.py", line 118, in run
    return self._loop.run_until_complete(task)
           ~~~~~~~~~~~~~~~~~~~~~~~~~~~~~^^^^^^
  File "C:\Python\Lib\asyncio\base_events.py", line 725, in run_until_complete
    return future.result()
           ~~~~~~~~~~~~~^^
asyncio.exceptions.CancelledError

During handling of the above exception, another exception occurred:

Traceback (most recent call last):
  File "C:\Python\Lib\asyncio\runners.py", line 195, in run
    return runner.run(main)
           ~~~~~~~~~~^^^^^^
  File "C:\Python\Lib\asyncio\runners.py", line 123, in run
    raise KeyboardInterrupt()
KeyboardInterrupt

During handling of the above exception, another exception occurred:

Traceback (most recent call last):
  File "C:\Python\Lib\site-packages\starlette\routing.py", line 645, in lifespan
    await receive()
  File "C:\Python\Lib\site-packages\uvicorn\lifespan\on.py", line 137, in receive
    return await self.receive_queue.get()
           ^^^^^^^^^^^^^^^^^^^^^^^^^^^^^^
  File "C:\Python\Lib\asyncio\queues.py", line 186, in get
    await getter
asyncio.exceptions.CancelledError

INFO:     Started server process [12088]
INFO:     Waiting for application startup.
INFO:     Application startup complete.
D:\lunar-me\nz-solar-model\api\index.py:483: UserWarning: Converting to PeriodArray/Index representation will drop timezone information.
  local = df.index.tz_convert("Pacific/Auckland").to_period("M")
WARNING:  WatchFiles detected changes in '_live.py'. Reloading...
INFO:     Shutting down
INFO:     Waiting for connections to close. (CTRL+C to force quit)
INFO:     Waiting for application shutdown.
INFO:     Application shutdown complete.
INFO:     Finished server process [12088]
INFO:     Started server process [73816]
INFO:     Waiting for application startup.
INFO:     Application startup complete.
D:\lunar-me\nz-solar-model\api\index.py:483: UserWarning: Converting to PeriodArray/Index representation will drop timezone information.
  local = df.index.tz_convert("Pacific/Auckland").to_period("M")
D:\lunar-me\nz-solar-model\api\index.py:483: UserWarning: Converting to PeriodArray/Index representation will drop timezone information.
  local = df.index.tz_convert("Pacific/Auckland").to_period("M")
D:\lunar-me\nz-solar-model\api\index.py:645: UserWarning: Converting to PeriodArray/Index representation will drop timezone information.
  local = df.index.tz_convert("Pacific/Auckland").to_period("M")
D:\lunar-me\nz-solar-model\api\index.py:645: UserWarning: Converting to PeriodArray/Index representation will drop timezone information.
  local = df.index.tz_convert("Pacific/Auckland").to_period("M")
D:\lunar-me\nz-solar-model\api\index.py:483: UserWarning: Converting to PeriodArray/Index representation will drop timezone information.
  local = df.index.tz_convert("Pacific/Auckland").to_period("M")
D:\lunar-me\nz-solar-model\api\index.py:483: UserWarning: Converting to PeriodArray/Index representation will drop timezone information.
  local = df.index.tz_convert("Pacific/Auckland").to_period("M")
D:\lunar-me\nz-solar-model\api\index.py:483: UserWarning: Converting to PeriodArray/Index representation will drop timezone information.
  local = df.index.tz_convert("Pacific/Auckland").to_period("M")
D:\lunar-me\nz-solar-model\api\index.py:483: UserWarning: Converting to PeriodArray/Index representation will drop timezone information.
  local = df.index.tz_convert("Pacific/Auckland").to_period("M")
D:\lunar-me\nz-solar-model\api\index.py:483: UserWarning: Converting to PeriodArray/Index representation will drop timezone information.
  local = df.index.tz_convert("Pacific/Auckland").to_period("M")
D:\lunar-me\nz-solar-model\api\index.py:483: UserWarning: Converting to PeriodArray/Index representation will drop timezone information.
  local = df.index.tz_convert("Pacific/Auckland").to_period("M")
D:\lunar-me\nz-solar-model\api\index.py:483: UserWarning: Converting to PeriodArray/Index representation will drop timezone information.
  local = df.index.tz_convert("Pacific/Auckland").to_period("M")
D:\lunar-me\nz-solar-model\api\index.py:483: UserWarning: Converting to PeriodArray/Index representation will drop timezone information.
  local = df.index.tz_convert("Pacific/Auckland").to_period("M")
D:\lunar-me\nz-solar-model\api\index.py:483: UserWarning: Converting to PeriodArray/Index representation will drop timezone information.
  local = df.index.tz_convert("Pacific/Auckland").to_period("M")
D:\lunar-me\nz-solar-model\api\index.py:483: UserWarning: Converting to PeriodArray/Index representation will drop timezone information.
  local = df.index.tz_convert("Pacific/Auckland").to_period("M")
D:\lunar-me\nz-solar-model\api\index.py:483: UserWarning: Converting to PeriodArray/Index representation will drop timezone information.
  local = df.index.tz_convert("Pacific/Auckland").to_period("M")
D:\lunar-me\nz-solar-model\api\index.py:483: UserWarning: Converting to PeriodArray/Index representation will drop timezone information.
  local = df.index.tz_convert("Pacific/Auckland").to_period("M")
D:\lunar-me\nz-solar-model\api\index.py:483: UserWarning: Converting to PeriodArray/Index representation will drop timezone information.
  local = df.index.tz_convert("Pacific/Auckland").to_period("M")
